Close
Cryptography

14 questions
1
point
1. 
Encrypt the following phrase with the Caesar Cipher algorithm, using key 15.

Can you imagine life WITHOUT the internet AND computers in your pocket?

What is the encrypted string?

(Note: Spacing and punctuation should be preserved in your encrypted message.)

Rpc ndj xbpvxct axut LXIWDJI iwt xcitgcti PCS rdbejitgh xc ndjg edrzti?
1
point
2. 
Encrypt the following phrase with the algorithm described for using two Caesar Cipher keys, with key1 = 21 and key2 = 8.

Can you imagine life WITHOUT the internet AND computers in your pocket?

What is the encrypted string?

(Note: Spacing and punctuation should be preserved in your encrypted message.)

Xii twp duvodvz gqam EDBCWPB bcm qibzzimo VVY xwhxpbzzn dv gjcm kwxszb?
1
point
3. 
Consider the Caesar Cipher two-key algorithm described in this course. Every other character, starting with the first, will use the Caesar Cipher algorithm with key1, and every other character, starting with the second, will use the Caesar Cipher algorithm with key2.

Assume shiftedAlphabet1 is the shifted alphabet using key1 and shiftedAlphabet2 is the shifted alphabet using key2, both are of type String.

If i is the location of the current character in the message, and idx is the integer variable of the location of the current character in the original alphabet, which one of the following segments of code correctly gets the corresponding encrypted character?



1
2
3
4
5
6
if (i % 2 != 0)  {                    
     newChar = shiftedAlphabet1.charAt(idx);              
}            
else {                  
     newChar = shiftedAlphabet2.charAt(idx);             
} 



1
2
3
4
5
6
if (i % 2 != 0)  {                    
     newChar = shiftedAlphabet1[idx];            
}            
else {                  
     newChar = shiftedAlphabet2[idx];            
}



1
2
3
4
5
6
if (i % 2 == 0)  {                  
     newChar = shiftedAlphabet1[idx];            
}            
else {                  
     newChar = shiftedAlphabet2[idx];            
}



1
2
3
4
5
6
if (i % 2 == 0)  {                  
     newChar = shiftedAlphabet1.charAt(idx);            
}            
else {                  
     newChar = shiftedAlphabet2.charAt(idx);            
}
1
point
4. 
Consider the file errors.txt.

What is the most common word length (ignoring the punctuation of the first and last character of each group of characters)?

8
1
point
5. 
Consider the file manywords.txt.

What is the most common word length (ignoring the punctuation of the first and last character of each group of characters)?

2
1
point
6. 
The following phrase was encrypted with the two-key encryption method we discussed using the two keys 14 and 24. What is the decrypted message?

Hfs cpwewloj loks cd Hoto kyg Cyy.

(Note: Spacing and punctuation should be preserved in your answer.)

The original name of Java was Oak
1
point
7. 
The following phrase was encrypted with the two-key encryption method described in this course. You will need to figure out which keys were used to encrypt it.

Aal uttx hm aal Qtct Fhljha pl Wbdl. Pvxvxlx!

What is the original message?

(Note: Spacing and punctuation should be preserved in your answer.)

The name of the Java Mascot is Duke. Woeoeee!
1
point
8. 
Decrypt the encrypted file mysteryTwoKeysQuiz.txt.

This file is encrypted with the two-key encryption method we discussed. You’ll need to decrypt the complete file by figuring out which keys were used to decrypt it.

What are the first five decrypted words?

(Note: Spacing and punctuation should be preserved in your answer.)

Duke Computer Science Department Overview
1
point
9. 
Decrypt the encrypted file mysteryTwoKeysQuiz.txt.

This file is encrypted with the two-key encryption method we discussed. You’ll need to decrypt the complete file by figuring out which keys were used to decrypt it.

What are the two keys used to encrypt it?

Note: Enter your answer as firstkey,secondkey with no spaces, for example:

1,2

17,4
1
point
10. 
Which of the following is the best choice for adding additional private fields to the CaesarCipherTwo class created in the last lesson to make it easier to call decrypt on a string that was encrypted using an object of this class?

As key1 and key2 of type int, which are parameters to the constructor.

Create an array of shifted alphabets, one shifted alphabet for each key.

Create 26 possible key variables.

Create 26 shifted alphabets, one for each possible key.
1
point
11. 
Should the halfOfString method in the TestCaesarCipherTwo class be public or private?

public

private
1
point
12. 
Consider the following two classes Simple and TestSimple for the remaining questions.



1
2
3
4
5
6
7
8
9
10
11
12
13
14
15
16
17
18
19
public class Simple{ 
     private String word; 
     private String phrase; 
     public Simple(int number, String w) {  
          word = w;   
          phrase = mystery(number, w);          
     }   
     private String mystery(int num, String s) {    
          String answer = "";   
          for (int k=0; k<num; k++) {       
               answer = answer + s;   
          }   
          return answer; 
     } 
     public String toString() {   
          return phrase + " is " + word + " repeated";
     }
}


1
2
3
4
5
6
public class TestSimple{
     public void print() {    
          Simple item = new Simple(3, "blue");      
          System.out.println(item);             
     }      
}
Why is there no return type for the method Simple?

The user forgot to put the return type, it should be String.

The user forgot to put the return type, it should be void.

It should not have a return type.

The user forgot to put the return type, it should be int.
1
point
13. 


1
2
3
4
5
6
7
8
9
10
11
12
13
14
15
16
17
18
19
public class Simple{ 
     private String word; 
     private String phrase; 
     public Simple(int number, String w) {  
          word = w;   
          phrase = mystery(number, w);          
     }   
     private String mystery(int num, String s) {    
          String answer = "";   
          for (int k=0; k<num; k++) {       
               answer = answer + s;   
          }   
          return answer; 
     } 
     public String toString() {   
          return phrase + " is " + word + " repeated";
     }
}


1
2
3
4
5
6
public class TestSimple{
     public void print() {    
          Simple item = new Simple(3, "blue");      
          System.out.println(item);             
     }      
}
What is printed when the print method in TestSimple is called?

3, blue

blue

blueblueblue is blue repeated

blueblueblue

blue, 3
1
point
14. 


1
2
3
4
5
6
7
8
9
10
11
12
13
14
15
16
17
18
19
public class Simple{ 
     private String word; 
     private String phrase; 
     public Simple(int number, String w) {  
          word = w;   
          phrase = mystery(number, w);          
     }   
     private String mystery(int num, String s) {    
          String answer = "";   
          for (int k=0; k<num; k++) {       
               answer = answer + s;   
          }   
          return answer; 
     } 
     public String toString() {   
          return phrase + " is " + word + " repeated";
     }
}


1
2
3
4
5
6
public class TestSimple{
     public void print() {    
          Simple item = new Simple(3, "blue");      
          System.out.println(item);             
     }      
}
Suppose the following line is added as the last line in the print method of the class TestSimple.



1
System.out.println(item.mystery(5, "ho"));
How does this line affect what happens with the code in the print method?

A compile error occurs when compiling this class, because mystery is private and cannot be called by the TestSimple class.

When the program runs, an additional line is printed that reads “5, ho”.

When the program runs, an additional line is printed that reads “hohohohoho is ho repeated”.

When the program runs, an additional line is printed that reads “ho”.

An error occurs when the program is run, because mystery is private and cannot be called by the TestSimple class.

When the program runs, an additional line is printed that reads “hohohohoho”.
Upgrade to submit


